
--- 2026-06-10T16:13:32.059Z debug
🪵  Writing logs to "/Users/daniel/Documents/sjlab-app/.wrangler-logs/wrangler-2026-06-10_16-13-31_983.log"
---

--- 2026-06-10T16:13:32.059Z debug
.env file not found at "/Users/daniel/Documents/sjlab-app/.env". Continuing... For more details, refer to https://developers.cloudflare.com/workers/wrangler/system-environment-variables/
---

--- 2026-06-10T16:13:32.059Z debug
.env file not found at "/Users/daniel/Documents/sjlab-app/.env.local". Continuing... For more details, refer to https://developers.cloudflare.com/workers/wrangler/system-environment-variables/
---

--- 2026-06-10T16:13:32.066Z log

 ⛅️ wrangler 4.97.0 (update available 4.99.0)
─────────────────────────────────────────────
---

--- 2026-06-10T16:13:32.076Z debug
Running autoconfig detection in /Users/daniel/Documents/sjlab-app...
---

--- 2026-06-10T16:13:32.077Z debug
Metrics dispatcher: Posting data {"deviceId":"4ae14535-55f6-4f56-9314-2c9c0d0c3c93","event":"wrangler command started","timestamp":1781108012077,"properties":{"amplitude_session_id":1781108012070,"amplitude_event_id":0,"wranglerVersion":"4.97.0","wranglerMajorVersion":4,"wranglerMinorVersion":97,"wranglerPatchVersion":0,"osPlatform":"Mac OS","osVersion":"Darwin Kernel Version 24.6.0: Wed Nov  5 21:30:44 PST 2025; root:xnu-11417.140.69.705.2~1/RELEASE_ARM64_T6041","nodeVersion":22,"packageManager":"npm","isFirstUsage":false,"configFileType":"toml","isCI":false,"isPagesCI":false,"isWorkersCI":false,"isInteractive":true,"hasAssets":true,"agent":null,"argsUsed":[],"argsCombination":"","sanitizedCommand":"deploy","sanitizedArgs":{},"currentAgentSkillsInstalled":null}}
---

--- 2026-06-10T16:13:32.080Z debug
Metrics dispatcher: Posting data {"deviceId":"4ae14535-55f6-4f56-9314-2c9c0d0c3c93","event":"autoconfig_process_started","timestamp":1781108012080,"properties":{"amplitude_session_id":1781108012076,"amplitude_event_id":0,"wranglerVersion":"4.97.0","wranglerMajorVersion":4,"wranglerMinorVersion":97,"wranglerPatchVersion":0,"osPlatform":"Mac OS","osVersion":"Darwin Kernel Version 24.6.0: Wed Nov  5 21:30:44 PST 2025; root:xnu-11417.140.69.705.2~1/RELEASE_ARM64_T6041","nodeVersion":22,"packageManager":"npm","isFirstUsage":false,"configFileType":"none","isCI":false,"isPagesCI":false,"isWorkersCI":false,"isInteractive":true,"hasAssets":false,"agent":null,"category":"Workers","os":"darwin:arm64","autoConfigId":"c01d28de-ac5f-4be6-8564-fee99ebfa0e1","command":"wrangler deploy","dryRun":false,"currentAgentSkillsInstalled":null}}
---

--- 2026-06-10T16:13:32.080Z debug
Metrics dispatcher: Posting data {"deviceId":"4ae14535-55f6-4f56-9314-2c9c0d0c3c93","event":"autoconfig_detection_started","timestamp":1781108012080,"properties":{"amplitude_session_id":1781108012076,"amplitude_event_id":0,"wranglerVersion":"4.97.0","wranglerMajorVersion":4,"wranglerMinorVersion":97,"wranglerPatchVersion":0,"osPlatform":"Mac OS","osVersion":"Darwin Kernel Version 24.6.0: Wed Nov  5 21:30:44 PST 2025; root:xnu-11417.140.69.705.2~1/RELEASE_ARM64_T6041","nodeVersion":22,"packageManager":"npm","isFirstUsage":false,"configFileType":"none","isCI":false,"isPagesCI":false,"isWorkersCI":false,"isInteractive":true,"hasAssets":false,"agent":null,"category":"Workers","os":"darwin:arm64","autoConfigId":"c01d28de-ac5f-4be6-8564-fee99ebfa0e1","command":"wrangler deploy","currentAgentSkillsInstalled":null}}
---

--- 2026-06-10T16:13:32.098Z debug
Metrics dispatcher: Posting data {"deviceId":"4ae14535-55f6-4f56-9314-2c9c0d0c3c93","event":"autoconfig_process_ended","timestamp":1781108012098,"properties":{"amplitude_session_id":1781108012076,"amplitude_event_id":0,"wranglerVersion":"4.97.0","wranglerMajorVersion":4,"wranglerMinorVersion":97,"wranglerPatchVersion":0,"osPlatform":"Mac OS","osVersion":"Darwin Kernel Version 24.6.0: Wed Nov  5 21:30:44 PST 2025; root:xnu-11417.140.69.705.2~1/RELEASE_ARM64_T6041","nodeVersion":22,"packageManager":"npm","isFirstUsage":false,"configFileType":"none","isCI":false,"isPagesCI":false,"isWorkersCI":false,"isInteractive":true,"hasAssets":false,"agent":null,"category":"Workers","os":"darwin:arm64","autoConfigId":"c01d28de-ac5f-4be6-8564-fee99ebfa0e1","command":"wrangler deploy","dryRun":false,"success":true,"currentAgentSkillsInstalled":null}}
---

--- 2026-06-10T16:13:32.103Z log
OpenNext project detected, calling `opennextjs-cloudflare deploy`
---

--- 2026-06-10T16:13:32.887Z debug
Using npm as package manager.
---

--- 2026-06-10T16:14:09.858Z debug
Metrics dispatcher: Posting data {"deviceId":"4ae14535-55f6-4f56-9314-2c9c0d0c3c93","event":"wrangler command completed","timestamp":1781108049858,"properties":{"amplitude_session_id":1781108012070,"amplitude_event_id":1,"wranglerVersion":"4.97.0","wranglerMajorVersion":4,"wranglerMinorVersion":97,"wranglerPatchVersion":0,"osPlatform":"Mac OS","osVersion":"Darwin Kernel Version 24.6.0: Wed Nov  5 21:30:44 PST 2025; root:xnu-11417.140.69.705.2~1/RELEASE_ARM64_T6041","nodeVersion":22,"packageManager":"npm","isFirstUsage":false,"configFileType":"toml","isCI":false,"isPagesCI":false,"isWorkersCI":false,"isInteractive":true,"hasAssets":true,"agent":null,"argsUsed":[],"argsCombination":"","sanitizedCommand":"deploy","sanitizedArgs":{},"durationMs":37797,"currentAgentSkillsInstalled":null}}
---
