
--- 2026-06-10T15:51:26.668Z debug
🪵  Writing logs to "/Users/daniel/Documents/sjlab-app/.wrangler-logs/wrangler-2026-06-10_15-51-26_560.log"
---

--- 2026-06-10T15:51:26.668Z debug
.env file not found at "/Users/daniel/Documents/sjlab-app/.env". Continuing... For more details, refer to https://developers.cloudflare.com/workers/wrangler/system-environment-variables/
---

--- 2026-06-10T15:51:26.668Z debug
.env file not found at "/Users/daniel/Documents/sjlab-app/.env.local". Continuing... For more details, refer to https://developers.cloudflare.com/workers/wrangler/system-environment-variables/
---

--- 2026-06-10T15:51:26.681Z log

 ⛅️ wrangler 4.97.0 (update available 4.99.0)
─────────────────────────────────────────────
---

--- 2026-06-10T15:51:26.694Z debug
Running autoconfig detection in /Users/daniel/Documents/sjlab-app...
---

--- 2026-06-10T15:51:26.695Z debug
Metrics dispatcher: Posting data {"deviceId":"406b576e-1ec8-4121-a23c-80f2833ef1d9","event":"wrangler command started","timestamp":1781106686695,"properties":{"amplitude_session_id":1781106686686,"amplitude_event_id":0,"wranglerVersion":"4.97.0","wranglerMajorVersion":4,"wranglerMinorVersion":97,"wranglerPatchVersion":0,"osPlatform":"Mac OS","osVersion":"Darwin Kernel Version 24.6.0: Wed Nov  5 21:30:44 PST 2025; root:xnu-11417.140.69.705.2~1/RELEASE_ARM64_T6041","nodeVersion":22,"packageManager":"npm","isFirstUsage":false,"configFileType":"toml","isCI":false,"isPagesCI":false,"isWorkersCI":false,"isInteractive":true,"hasAssets":true,"agent":null,"argsUsed":[],"argsCombination":"","sanitizedCommand":"deploy","sanitizedArgs":{},"currentAgentSkillsInstalled":null}}
---

--- 2026-06-10T15:51:26.698Z debug
Metrics dispatcher: Posting data {"deviceId":"406b576e-1ec8-4121-a23c-80f2833ef1d9","event":"autoconfig_process_started","timestamp":1781106686698,"properties":{"amplitude_session_id":1781106686694,"amplitude_event_id":0,"wranglerVersion":"4.97.0","wranglerMajorVersion":4,"wranglerMinorVersion":97,"wranglerPatchVersion":0,"osPlatform":"Mac OS","osVersion":"Darwin Kernel Version 24.6.0: Wed Nov  5 21:30:44 PST 2025; root:xnu-11417.140.69.705.2~1/RELEASE_ARM64_T6041","nodeVersion":22,"packageManager":"npm","isFirstUsage":false,"configFileType":"none","isCI":false,"isPagesCI":false,"isWorkersCI":false,"isInteractive":true,"hasAssets":false,"agent":null,"category":"Workers","os":"darwin:arm64","autoConfigId":"6829b71b-c380-4acb-af21-ad9198a5c906","command":"wrangler deploy","dryRun":false,"currentAgentSkillsInstalled":null}}
---

--- 2026-06-10T15:51:26.698Z debug
Metrics dispatcher: Posting data {"deviceId":"406b576e-1ec8-4121-a23c-80f2833ef1d9","event":"autoconfig_detection_started","timestamp":1781106686698,"properties":{"amplitude_session_id":1781106686694,"amplitude_event_id":0,"wranglerVersion":"4.97.0","wranglerMajorVersion":4,"wranglerMinorVersion":97,"wranglerPatchVersion":0,"osPlatform":"Mac OS","osVersion":"Darwin Kernel Version 24.6.0: Wed Nov  5 21:30:44 PST 2025; root:xnu-11417.140.69.705.2~1/RELEASE_ARM64_T6041","nodeVersion":22,"packageManager":"npm","isFirstUsage":false,"configFileType":"none","isCI":false,"isPagesCI":false,"isWorkersCI":false,"isInteractive":true,"hasAssets":false,"agent":null,"category":"Workers","os":"darwin:arm64","autoConfigId":"6829b71b-c380-4acb-af21-ad9198a5c906","command":"wrangler deploy","currentAgentSkillsInstalled":null}}
---

--- 2026-06-10T15:51:26.718Z debug
Metrics dispatcher: Posting data {"deviceId":"406b576e-1ec8-4121-a23c-80f2833ef1d9","event":"autoconfig_process_ended","timestamp":1781106686718,"properties":{"amplitude_session_id":1781106686694,"amplitude_event_id":0,"wranglerVersion":"4.97.0","wranglerMajorVersion":4,"wranglerMinorVersion":97,"wranglerPatchVersion":0,"osPlatform":"Mac OS","osVersion":"Darwin Kernel Version 24.6.0: Wed Nov  5 21:30:44 PST 2025; root:xnu-11417.140.69.705.2~1/RELEASE_ARM64_T6041","nodeVersion":22,"packageManager":"npm","isFirstUsage":false,"configFileType":"none","isCI":false,"isPagesCI":false,"isWorkersCI":false,"isInteractive":true,"hasAssets":false,"agent":null,"category":"Workers","os":"darwin:arm64","autoConfigId":"6829b71b-c380-4acb-af21-ad9198a5c906","command":"wrangler deploy","dryRun":false,"success":true,"currentAgentSkillsInstalled":null}}
---

--- 2026-06-10T15:51:26.721Z log
OpenNext project detected, calling `opennextjs-cloudflare deploy`
---

--- 2026-06-10T15:51:27.392Z debug
Using npm as package manager.
---

--- 2026-06-10T15:51:48.174Z debug
Metrics dispatcher: Posting data {"deviceId":"406b576e-1ec8-4121-a23c-80f2833ef1d9","event":"wrangler command completed","timestamp":1781106708173,"properties":{"amplitude_session_id":1781106686686,"amplitude_event_id":1,"wranglerVersion":"4.97.0","wranglerMajorVersion":4,"wranglerMinorVersion":97,"wranglerPatchVersion":0,"osPlatform":"Mac OS","osVersion":"Darwin Kernel Version 24.6.0: Wed Nov  5 21:30:44 PST 2025; root:xnu-11417.140.69.705.2~1/RELEASE_ARM64_T6041","nodeVersion":22,"packageManager":"npm","isFirstUsage":false,"configFileType":"toml","isCI":false,"isPagesCI":false,"isWorkersCI":false,"isInteractive":true,"hasAssets":true,"agent":null,"argsUsed":[],"argsCombination":"","sanitizedCommand":"deploy","sanitizedArgs":{},"durationMs":21501,"currentAgentSkillsInstalled":null}}
---
